Model comparasions/processedDataSets/coke_data_2053.csv
,SELL_ID,SELL_CATEGORY,ITEM_NAME,CALENDAR_DATE,PRICE,QUANTITY,YEAR,HOLIDAY,IS_WEEKEND,IS_SCHOOLBREAK,AVERAGE_TEMPERATURE,IS_OUTDOOR
10319,2053,2,COKE,9/2/15,11.26,52,2015,No Holiday,0,0,68.0,1
10327,2053,2,COKE,9/20/12,12.42,46,2012,No Holiday,0,0,62.6,1
10335,2053,2,COKE,9/20/13,10.45,60,2013,No Holiday,0,0,73.4,1
10351,2053,2,COKE,9/21/12,12.42,52,2012,No Holiday,0,0,66.2,1
10391,2053,2,COKE,9/22/14,12.77,50,2014,No Holiday,0,0,69.8,1
10407,2053,2,COKE,9/23/13,10.45,62,2013,No Holiday,0,0,71.6,1
10415,2053,2,COKE,9/23/14,12.77,48,2014,No Holiday,0,0,62.6,1
10423,2053,2,COKE,9/24/12,12.42,52,2012,No Holiday,0,0,69.8,1
10431,2053,2,COKE,9/24/13,10.45,60,2013,No Holiday,0,0,69.8,1
10439,2053,2,COKE,9/24/14,12.77,48,2014,No Holiday,0,0,60.8,1
10447,2053,2,COKE,9/25/12,12.42,44,2012,No Holiday,0,0,69.8,1
10455,2053,2,COKE,9/25/13,10.45,62,2013,No Holiday,0,0,64.4,1
10463,2053,2,COKE,9/25/14,12.77,46,2014,No Holiday,0,0,62.6,1
10471,2053,2,COKE,9/26/12,12.42,46,2012,No Holiday,0,0,69.8,1
10479,2053,2,COKE,9/26/13,10.45,64,2013,No Holiday,0,0,68.0,1
10487,2053,2,COKE,9/26/14,12.77,44,2014,No Holiday,0,0,66.2,1
10495,2053,2,COKE,9/27/12,12.42,50,2012,No Holiday,0,0,69.8,1
10503,2053,2,COKE,9/27/13,10.45,62,2013,No Holiday,0,0,64.4,1
10519,2053,2,COKE,9/28/12,12.42,50,2012,No Holiday,0,0,66.2,1
10559,2053,2,COKE,9/29/14,12.77,46,2014,No Holiday,0,0,64.4,1
10567,2053,2,COKE,9/3/12,12.42,44,2012,No Holiday,0,0,71.6,1
10575,2053,2,COKE,9/3/13,10.45,56,2013,No Holiday,0,0,68.0,1
10583,2053,2,COKE,9/3/14,12.77,42,2014,No Holiday,0,0,71.6,1
10615,2053,2,COKE,9/30/14,12.77,50,2014,No Holiday,0,0,66.2,1
10623,2053,2,COKE,9/4/12,12.42,50,2012,No Holiday,0,0,75.2,1
10631,2053,2,COKE,9/4/13,10.45,58,2013,No Holiday,0,0,68.0,1
10639,2053,2,COKE,9/4/14,12.77,46,2014,No Holiday,0,0,68.0,1
10655,2053,2,COKE,9/5/12,12.42,52,2012,No Holiday,0,0,77.0,1
10663,2053,2,COKE,9/5/13,10.45,62,2013,No Holiday,0,0,69.8,1
10671,2053,2,COKE,9/5/14,12.77,50,2014,No Holiday,0,0,69.8,1
10687,2053,2,COKE,9/6/12,12.42,44,2012,No Holiday,0,0,75.2,1
10695,2053,2,COKE,9/6/13,10.45,64,2013,No Holiday,0,0,68.0,1
10719,2053,2,COKE,9/7/12,12.42,44,2012,No Holiday,0,0,71.6,1
10743,2053,2,COKE,9/7/15,11.26,50,2015,No Holiday,0,0,77.0,1
10767,2053,2,COKE,9/8/14,12.77,50,2014,No Holiday,0,0,71.6,1
10775,2053,2,COKE,9/8/15,11.26,50,2015,No Holiday,0,0,73.4,1
10791,2053,2,COKE,9/9/13,10.45,56,2013,No Holiday,0,0,75.2,1
10799,2053,2,COKE,9/9/14,12.77,42,2014,No Holiday,0,0,71.6,1
10807,2053,2,COKE,9/9/15,11.26,54,2015,No Holiday,0,0,71.6,1
